2026-08-01 17:30:21 - Add 063-input.md
2026-08-01 17:20:21 - Add 029-screen-reader.md
2026-08-01 08:02:50 - Add 084-motion.md
2026-08-01 17:48:20 - Add metadata.py
2026-08-01 17:58:24 - Add queue.cpython-310.pyc
2026-08-01 17:51:05 - Add formatter.py
2026-08-01 10:33:26 - Add auth.cpython-310.pyc
2026-08-01 17:33:01 - Add 169-keyboard.md
2026-08-01 09:40:59 - Add 056-card.md
2026-08-01 11:39:15 - Add __main__.cpython-310.pyc
2026-08-01 17:17:31 - Add queue.py
2026-08-01 20:09:57 - Add 075-input.md
2026-08-01 14:39:50 - Add git.cpython-310.pyc
2026-08-01 17:51:53 - Add cygwinccompiler.cpython-310.pyc
2026-08-01 20:45:40 - Add 152-spacing.md
2026-08-01 17:37:29 - Add packaging.cpython-310.pyc
2026-08-01 20:58:00 - Add __init__.cpython-310.pyc
2026-08-01 08:35:46 - Add 062-announcement.md
2026-08-01 20:25:19 - Add providers.py
2026-08-01 16:52:31 - Add 065-radius.md
2026-08-01 12:16:00 - Add 116-campaign.md
2026-08-01 17:03:47 - Add abc.py
2026-08-01 19:08:57 - Add 001-dashboard.md
2026-08-01 10:33:06 - Add reporter.py
2026-08-01 12:29:35 - Add 047-radius.md
2026-08-01 13:17:31 - Add api.cpython-310.pyc
2026-08-01 16:15:37 - Add install.cpython-310.pyc
2026-08-01 20:41:40 - Add _base.py
2026-08-01 11:59:03 - Add scope.py
2026-08-01 18:36:25 - Add scripts.py
2026-08-01 09:55:54 - Add models.py
2026-08-01 10:53:26 - Add 064-analytics.md
2026-08-01 19:16:08 - Add highlighter.cpython-310.pyc
2026-08-01 16:30:30 - Add 009-product.md
2026-08-01 13:11:42 - Add parser.cpython-310.pyc
2026-08-01 12:46:02 - Add euckrfreq.py
2026-08-01 12:26:44 - Add reporters.cpython-310.pyc
2026-08-01 15:22:26 - Add 002-labels.md
2026-08-01 16:12:00 - Add freeze.cpython-310.pyc
2026-08-01 11:44:45 - Add 068-campaign.md
2026-08-01 19:14:20 - Add 134-spacing.md
2026-08-01 20:01:58 - Add genshi.cpython-310.pyc
2026-08-01 17:09:45 - Add search.cpython-310.pyc
2026-08-01 12:15:38 - Add index.cpython-310.pyc
2026-08-01 12:18:01 - Add wait.py
2026-08-01 10:20:16 - Add wheel.cpython-310.pyc
2026-08-01 20:07:28 - Add 049-color.md
2026-08-01 15:33:00 - Add android.py
2026-08-01 17:06:55 - Add 022-modal.md
2026-08-01 14:19:02 - Add 082-testimonial.md
2026-08-01 08:29:15 - Add 032-launch.md
2026-08-01 12:46:37 - Add 071-radius.md
2026-08-01 11:27:51 - Add __init__.py
2026-08-01 17:07:03 - Add misc.py
2026-08-01 10:40:52 - Add WHEEL
2026-08-01 12:53:58 - Add 028-modal.md
2026-08-01 10:56:44 - Add filewrapper.py
2026-08-01 10:16:28 - Add 074-spacing.md
2026-08-01 19:10:29 - Add 077-footer.md
2026-08-01 15:26:57 - Add 067-dashboard.md
2026-08-01 11:55:25 - Add _log_render.cpython-310.pyc
2026-08-01 09:43:29 - Add recipes.py
2026-08-01 19:04:56 - Add 039-audience.md
2026-08-01 19:24:54 - Add poolmanager.py
